// Jest Snapshot v1, https://goo.gl/fbAQLP

exports[`<HomeScreen /> should match snapshot 1`] = `
<View
  style={
    Object {
      "alignItems": "center",
      "backgroundColor": "#fff",
      "flex": 1,
      "justifyContent": "center",
    }
  }
>
  <View
    style={
      Object {
        "paddingHorizontal": 10,
        "width": "100%",
      }
    }
  >
    <Text
      style={
        Object {
          "color": "#86939e",
          "fontSize": 16,
          "fontWeight": "bold",
        }
      }
    >
      サーバーアドレス
    </Text>
    <View
      style={
        Object {
          "alignItems": "center",
          "borderBottomWidth": 1,
          "borderColor": "#86939e",
          "flexDirection": "row",
          "transform": Array [
            Object {
              "translateX": 0,
            },
          ],
        }
      }
    >
      <TextInput
        allowFontScaling={true}
        editable={true}
        onChangeText={[Function]}
        placeholderTextColor="#86939e"
        rejectResponderTermination={true}
        style={
          Object {
            "alignSelf": "center",
            "borderColor": "#ccc",
            "borderWidth": 1,
            "color": "#242424",
            "flex": 1,
            "fontSize": 18,
            "minHeight": 40,
          }
        }
        testID="RNE__Input__text-input"
        underlineColorAndroid="transparent"
        value="127.0.0.1"
      />
    </View>
    <Text
      style={
        Object {
          "color": "#ff190c",
          "fontSize": 12,
          "margin": 5,
        }
      }
    />
  </View>
</View>
`;
